<p class="xh_info">./content/coco/20230306_120000_foo.htm created</p>
<p class="xh_info">./content/coco/20230304_120000_foo.htm deleted</p>
<p class="xh_info">./content/coco/20230306_120000_bar.htm created</p>
<p class="xh_info">./content/coco/20230304_120000_bar.htm deleted</p>
