<!-- coco administration -->
<h1>Coco â€“ Co-Contents</h1>
<form id="coco_admin_cocos" action="/" method="get">
  <input type="hidden" name="selected" value="coco"/>
  <input type="hidden" name="admin" value="plugin_main"/>
  <table>
    <tr>
      <th>Coco</th>
    </tr>
    <tr>
      <td>
        <label>
          <input type="checkbox" name="coco_name[]" value="foo">
          <span>foo</span>
        </label>
      </td>
    </tr>
    <tr>
      <td>
        <label>
          <input type="checkbox" name="coco_name[]" value="bar">
          <span>bar</span>
        </label>
      </td>
    </tr>
  </table>
  <p><button name="action" value="delete">Delete</button></p>
</form>
