<p class="xh_fail">Co-content names may contain a-z, 0-9 and _ only!</p>
