<!-- coco administration -->
<h1>Coco â€“ Co-Contents</h1>
<div id="coco_admin_cocos">
  <ul>
    <li>
      <form action="/?coco&amp;admin=plugin_main" method="POST" onsubmit="return confirm('All contents of &quot;foo&quot; will be deleted!')">
        <input type="hidden" name="action" value="delete">
        <input type="hidden" name="coco_name" value="foo">
        <button>Delete</button>
        <input type="hidden" name="xh_csrf_token" value="eee5e668b3bcc9b71a9e4cc1aa76393f">
      </form>
      foo    </li>
    <li>
      <form action="/?coco&amp;admin=plugin_main" method="POST" onsubmit="return confirm('All contents of &quot;bar&quot; will be deleted!')">
        <input type="hidden" name="action" value="delete">
        <input type="hidden" name="coco_name" value="bar">
        <button>Delete</button>
        <input type="hidden" name="xh_csrf_token" value="eee5e668b3bcc9b71a9e4cc1aa76393f">
      </form>
      bar    </li>
  </ul>
</div>
