<p class="xh_fail">./content/coco/20230306_120000_foo.htm could not be deleted!</p>
<p class="xh_fail">./content/coco/foo.htm could not be deleted!</p>
<!-- coco administration -->
<h1>Coco â€“ Co-Contents</h1>
<form id="coco_admin_cocos" action="/" method="get">
  <input type="hidden" name="selected" value="coco"/>
  <input type="hidden" name="admin" value="plugin_main"/>
  <table>
    <tr>
      <th></th>
      <th>Coco</th>
    </tr>
    <tr>
      <td><input type="checkbox" id="coco_name_foo" name="coco_name[]" value="foo"></td>
      <td><label for="coco_name_foo">foo</label></td>
    </tr>
    <tr>
      <td><input type="checkbox" id="coco_name_bar" name="coco_name[]" value="bar"></td>
      <td><label for="coco_name_bar">bar</label></td>
    </tr>
  </table>
  <p><button name="action" value="delete">Delete</button></p>
</form>
