<p>some HTML <span class="highlight">with</span> scripting</p>