<!-- coco confirmation -->
<form action="/?coco&amp;admin=plugin_main&amp;action=do_delete" method="post">
  <input type="hidden" name="xh_csrf_token" value="eee5e668b3bcc9b71a9e4cc1aa76393f">
  <p>All contents and backups of the following co-contents will be deleted!</p>
  <ul>
    <li>
      <span>foo</span>
      <input type="hidden" name="coco_name[]" value="foo">
    </li>
  </ul>
  <p><button name="action" value="delete">Delete</button></p>
</form>
