<p class="xh_fail">./content/coco/20230306_120000_foo.htm could not be saved!</p>
<p class="xh_fail">./content/coco/20230306_120000_bar.htm could not be saved!</p>
