
<form action="" method="POST">
    <input type="hidden" name="xh_csrf_token" value="eee5e668b3bcc9b71a9e4cc1aa76393f">
    <textarea id="coco_text_foo" name="coco_text_foo" style="width:100%; height:100%">&lt;p&gt;some HTML with {{{trim('scripting')}}}&lt;/p&gt;</textarea>
    <script type="text/javascript">tinymce.init('coco_text_foo');</script>
</form>
