<!-- coco info -->
<h1>Coco 2.0</h1>
<div class="coco_syscheck">
  <h2>System check</h2>
  <p class="xh_fail">PHP version is not at least 7.1.0</p>
  <p class="xh_fail">CMSimple_XH version is not at least 1.7.0</p>
  <p class="xh_fail">Plib_XH version is not at least 1.6</p>
  <p class="xh_warning">Folder './plugins/coco/css/' is not writable</p>
  <p class="xh_warning">Folder './plugins/coco/languages/' is not writable</p>
  <p class="xh_warning">Folder './content/coco/' is not writable</p>
</div>
