<!-- coco search results -->
<h1>Result of your search</h1>
<p>&quot;regular&quot; found in one page:</p>
<ul>
    <li><a href="/?Cocos&amp;search=regular">Cocos</a></li>
</ul>
