<!-- coco search results -->
<h1>Result of your search</h1>
<p>&quot;some&quot; found in 2 pages:</p>
<ul>
  <li><a href="/?Welcome&amp;search=some">Welcome!</a></li>
  <li><a href="/?Cocos&amp;search=some">Cocos</a></li>
</ul>
