<!-- coco search results -->
<h1>Result of your search</h1>
<p>&quot;doesnotexist&quot; was not found</p>
