<html>
<body>
<h1 id="12345">Start</h1>
<p>some content</p>
<h2 id="23456">Sub</h2>
<p>other content</p>
</body>
</html>
