<html>
<body>
<h1 id="12345">Start</h1>
</body>
</html>
